python : C:\Users\fivid
\AppData\Local\Programs
\Python\Python314\Lib\s
ite-packages\requests\_
_init__.py:86: Requests
DependencyWarning: 
Unable to find 
acceptable character 
detection dependency 
(chardet or 
charset_normalizer).
At line:1 char:1
+ python 
test_validation.py > 
test_output.txt 2>&1
+ ~~~~~~~~~~~~~~~~~~~~~
~~~~~~~~~~~~~~~~~~~~~~~
~~~~
    + CategoryInfo     
         : NotSpecifi  
  ed: (C:\Users\fivi   
 d\...et_normalizer    
).:String) [], Rem    
oteException
    + FullyQualifiedEr 
   rorId : NativeComm  
  andError
 
  warnings.warn(
C:\Users\fivid\Desktop\
Nova Lite Limited\Asset
s_Inventory_TrackIT\tes
t_validation.py:138: 
DeprecationWarning: dat
etime.datetime.utcnow()
 is deprecated and 
scheduled for removal 
in a future version. 
Use timezone-aware 
objects to represent 
datetimes in UTC: datet
ime.datetime.now(dateti
me.UTC).
  purchase_date=datetim
e.utcnow().date(),
Running TrackIT Backend Validation Tests
==================================================
[OK] Flask app created successfully

[OK] All blueprints imported successfully

[OK] All models imported successfully

[OK] Validation schemas imported successfully

[OK] Auth utilities imported successfully

Traceback (most recent 
call last):
  File "C:\Users\fivid\
Desktop\Nova Lite Limit
ed\Assets_Inventory_Tra
ckIT\test_validation.py
", line 148, in test_tr
ansfer_request_lifecycl
e
    token_user = 
create_access_token(
        identity=str(re
quest_user.id),
    ...<4 lines>...
        },
    )
  File "C:\Users\fivid\
AppData\Local\Programs\
Python\Python314\Lib\si
te-packages\flask_jwt_e
xtended\utils.py", 
line 175, in 
create_access_token
    return jwt_manager.
_encode_jwt_from_config
(
           ~~~~~~~~~~~~
~~~~~~~~~~~~~~~~~~~~~~~
^
        claims=addition
al_claims,
        ^^^^^^^^^^^^^^^
^^^^^^^^^^
    ...<4 lines>...
        
token_type="access",
        
^^^^^^^^^^^^^^^^^^^^
    )
    ^
  File "C:\Users\fivid\
AppData\Local\Programs\
Python\Python314\Lib\si
te-packages\flask_jwt_e
xtended\jwt_manager.py"
, line 527, in 
_encode_jwt_from_config
    secret=self._encode
_key_callback(identity)
,
           ~~~~~~~~~~~~
~~~~~~~~~~~~~^^^^^^^^^^
  File "C:\Users\fivid\
AppData\Local\Programs\
Python\Python314\Lib\si
te-packages\flask_jwt_e
xtended\default_callbac
ks.py", line 161, in de
fault_encode_key_callba
ck
    return 
config.encode_key
           
^^^^^^^^^^^^^^^^^
  File "C:\Users\fivid\
AppData\Local\Programs\
Python\Python314\Lib\si
te-packages\flask_jwt_e
xtended\config.py", 
line 36, in encode_key
    return 
self._private_key if 
self.is_asymmetric 
else self._secret_key
                       
                       
          
^^^^^^^^^^^^^^^^
  File "C:\Users\fivid\
AppData\Local\Programs\
Python\Python314\Lib\si
te-packages\flask_jwt_e
xtended\config.py", 
line 238, in 
_secret_key
    raise RuntimeError(
    ...<3 lines>...
    )
RuntimeError: 
JWT_SECRET_KEY or 
flask SECRET_KEY must 
be set when using 
symmetric algorithm 
"HS256"

During handling of the 
above exception, 
another exception 
occurred:

Traceback (most recent 
call last):
  File "C:\Users\fivid\
Desktop\Nova Lite Limit
ed\Assets_Inventory_Tra
ckIT\test_validation.py
", line 444, in 
<module>
    sys.exit(main())
             ~~~~^^
  File "C:\Users\fivid\
Desktop\Nova Lite Limit
ed\Assets_Inventory_Tra
ckIT\test_validation.py
", line 428, in main
    if test():
       ~~~~^^
  File "C:\Users\fivid\
Desktop\Nova Lite Limit
ed\Assets_Inventory_Tra
ckIT\test_validation.py
", line 202, in test_tr
ansfer_request_lifecycl
e
    print(f"\u2717 
Transfer lifecycle 
test failed: {e}")
    ~~~~~^^^^^^^^^^^^^^
^^^^^^^^^^^^^^^^^^^^^^^
^^^^^
  File "C:\Users\fivid\
AppData\Local\Programs\
Python\Python314\Lib\en
codings\cp1252.py", 
line 19, in encode
    return codecs.charm
ap_encode(input,self.er
rors,encoding_table)[0]
           ~~~~~~~~~~~~
~~~~~~~~~^^^^^^^^^^^^^^
^^^^^^^^^^^^^^^^^^^^
UnicodeEncodeError: 
'charmap' codec can't 
encode character 
'\u2717' in position 
0: character maps to 
<undefined>
